// Jest Snapshot v1, https://goo.gl/fbAQLP

exports[`#createComputerEntity should convert data 1`] = `
Object {
  "_class": Array [
    "Host",
    "Device",
  ],
  "_key": "ABC123DEF456",
  "_rawData": Array [
    Object {
      "name": "default",
      "rawData": Object {
        "uploadStatus": "SKIPPED",
        "uploadStatusReason": "Raw data currently disabled for this entity type",
      },
    },
    Object {
      "name": "detail",
      "rawData": Object {
        "uploadStatus": "SKIPPED",
        "uploadStatusReason": "Raw data currently disabled for this entity type",
      },
    },
  ],
  "_type": "user_endpoint",
  "altMacAddress": "12:34:56:78:90:12",
  "altNetworkAdapterType": "Ethernet",
  "assetTag": "",
  "barcode1": "",
  "barcode2": "",
  "building": "",
  "category": "endpoint",
  "createdOn": 1591217314697,
  "department": "",
  "deviceType": "laptop",
  "displayName": "Johnâ€™s MacBook",
  "distributionPoint": "",
  "email": "john.doe@test.com",
  "encrypted": true,
  "enrolledOn": 1591217314697,
  "extensionAttribute.123": Array [
    "foo123",
    "bar123",
  ],
  "extensionAttribute.456": Array [
    "foo456",
    "bar456",
  ],
  "firewallEnabled": false,
  "gatekeeperEnabled": true,
  "gatekeeperStatus": "App Store and identified developers",
  "id": "1",
  "ipAddress": "12.34.567.890",
  "itunesStoreAccountIsActive": true,
  "jamfVersion": "10.23.0-t1595614145",
  "lastCloudBackupDateEpoch": 0,
  "lastCloudBackupDateUtc": "",
  "lastReportedIp": "192.168.1.139",
  "lastReportedOn": 1560787256384,
  "lastSeenOn": 1596979440636,
  "macAddress": "12:a4:56:78:90:12",
  "make": "Apple",
  "managed": true,
  "mdmCapable": true,
  "mdmProfileExpirationEpoch": 1748983791000,
  "mdmProfileExpirationUtc": "2025-06-03T20:49:51.000+0000",
  "model": "MacBookPro13,3",
  "name": "John's MacBook",
  "netbootServer": "",
  "networkAdapterType": "IEEE80211",
  "osBuild": "19D76",
  "osName": "macOS",
  "osVersion": "10.15.3",
  "platform": "darwin",
  "serial": "ABC123DEF456",
  "serialNumber": "123ABC",
  "supervised": false,
  "sus": "",
  "systemIntegrityProtectionEnabled": true,
  "udid": "4A036309-80EC-49C6-ACD7-B45C1922EA0E",
  "username": "john",
}
`;

exports[`#createMobileDeviceEntity should convert data 1`] = `
Object {
  "_class": Array [
    "Device",
  ],
  "_key": "CA44C68660A3",
  "_rawData": Array [
    Object {
      "name": "default",
      "rawData": Object {
        "device_name": "Update 1-1",
        "id": 16,
        "managed": true,
        "model": "iPhone 5S (GSM)",
        "model_display": "iPhone 5S (GSM)",
        "model_identifier": "iPhone6,1",
        "name": "Update 1-1",
        "phone_number": "612-356-4364",
        "serial_number": "CA44C68660A3",
        "supervised": false,
        "udid": "ca44c66860a311e490b812df261f2c7e",
        "username": undefined,
        "wifi_mac_address": "0C:3E:9F:49:99:67",
      },
    },
  ],
  "_type": "mobile_device",
  "createdOn": undefined,
  "deviceName": "Update 1-1",
  "displayName": "Unknown User's iPhone 5S (GSM)",
  "id": "ca44c66860a311e490b812df261f2c7e",
  "managed": true,
  "model": "iPhone 5S (GSM)",
  "modelDisplay": "iPhone 5S (GSM)",
  "modelIdentifier": "iPhone6,1",
  "name": "Update 1-1",
  "phoneNumber": "612-356-4364",
  "serialNumber": "CA44C68660A3",
  "supervised": false,
  "udid": "ca44c66860a311e490b812df261f2c7e",
  "username": undefined,
  "wifiMacAddress": "0C:3E:9F:49:99:67",
}
`;
