// Jest Snapshot v1, https://goo.gl/fbAQLP

exports[`#createGroupEntity should convert data 1`] = `
Object {
  "_class": Array [
    "UserGroup",
  ],
  "_key": "jamf_group_3",
  "_rawData": Array [
    Object {
      "name": "default",
      "rawData": Object {
        "access_level": "Site Access",
        "id": 3,
        "members": Array [
          Object {
            "id": 6,
            "name": "Test Account",
          },
        ],
        "name": "Not all groups have members inside in api",
        "privilege_set": "Custom",
        "privileges": Object {
          "casper_imaging": Array [],
          "casper_remote": Array [],
          "jss_actions": Array [],
          "jss_objects": Array [
            "Read Computers",
            "Read Policies",
            "Read Mac Applications",
            "Read VPP Administrator Accounts",
            "Read Mobile Device PreStage Enrollments",
            "Read Advanced User Searches",
            "Read Classes",
            "Read Mobile Device Enrollment Invitations",
            "Read Static User Groups",
            "Read Enrollment Profiles",
            "Read Mobile Device Applications",
            "Read Self Service Bookmarks",
            "Read Restricted Software",
            "Read iOS Configuration Profiles",
            "Read VPP Invitations",
            "Read PreStages",
            "Read Managed Preference Profiles",
            "Read Static Computer Groups",
            "Read Smart User Groups",
            "Read Network Integration",
            "Read Patch Policies",
            "Read User",
            "Read Mobile Device Managed App Configurations",
            "Read Advanced Mobile Device Searches",
            "Read macOS Configuration Profiles",
            "Read Licensed Software",
            "Read Smart Mobile Device Groups",
            "Read Patch Management Software Titles",
            "Read eBooks",
            "Read Static Mobile Device Groups",
            "Read Computer PreStage Enrollments",
            "Read Advanced User Content Searches",
            "Read VPP Assignment",
            "Read Smart Computer Groups",
            "Read Personal Device Profiles",
            "Read Advanced Computer Searches",
            "Read Computer Enrollment Invitations",
            "Read Mobile Devices",
            "Read Device Enrollment Program Instances",
            "Read Personal Device Configurations",
          ],
          "recon": Array [],
        },
        "site": Object {
          "id": 1,
          "name": "Test site",
        },
      },
    },
  ],
  "_type": "jamf_group",
  "accessLevel": "Site Access",
  "createdOn": undefined,
  "displayName": "Not all groups have members inside in api",
  "id": "3",
  "name": "Not all groups have members inside in api",
  "privilegeSet": "Custom",
}
`;
