// Jest Snapshot v1, https://goo.gl/fbAQLP

exports[`#fetchGroups should collect data: jobState 1`] = `
Object {
  "collectedEntities": Array [
    Object {
      "_class": Array [
        "Account",
      ],
      "_key": "jamf_account_local-integration-instance",
      "_rawData": Array [
        Object {
          "name": "default",
          "rawData": Object {
            "id": "local-integration-instance",
            "name": "Local Integration",
          },
        },
      ],
      "_type": "jamf_account",
      "createdOn": undefined,
      "displayName": "Local Integration",
      "id": "local-integration-instance",
      "name": "Local Integration",
    },
    Object {
      "_class": Array [
        "User",
      ],
      "_key": "jamf_user_1",
      "_rawData": Array [
        Object {
          "name": "default",
          "rawData": Object {
            "uploadStatus": "SKIPPED",
            "uploadStatusReason": "Raw data currently disabled for this entity type",
          },
        },
      ],
      "_type": "jamf_user",
      "accessLevel": "Full Access",
      "active": true,
      "admin": true,
      "createdOn": undefined,
      "directoryUser": false,
      "displayName": "adam.williams",
      "email": "adam.williams@jupiterone.com",
      "emailAddress": "adam.williams@jupiterone.com",
      "enabled": "Enabled",
      "forcePasswordChange": false,
      "fullName": "",
      "id": "1",
      "name": "adam.williams",
      "permissions": Array [
        "Administrator",
      ],
      "privilegeSet": "Administrator",
      "username": "adam.williams",
    },
    Object {
      "_class": Array [
        "User",
      ],
      "_key": "jamf_user_9",
      "_rawData": Array [
        Object {
          "name": "default",
          "rawData": Object {
            "uploadStatus": "SKIPPED",
            "uploadStatusReason": "Raw data currently disabled for this entity type",
          },
        },
      ],
      "_type": "jamf_user",
      "accessLevel": "Full Access",
      "active": true,
      "admin": true,
      "createdOn": undefined,
      "directoryUser": false,
      "displayName": "austin.kelleher",
      "email": "austin.kelleher@jupiterone.com",
      "emailAddress": "austin.kelleher@jupiterone.com",
      "enabled": "Enabled",
      "forcePasswordChange": false,
      "fullName": "Austin Kelleher",
      "id": "9",
      "name": "austin.kelleher",
      "permissions": Array [
        "Administrator",
      ],
      "privilegeSet": "Administrator",
      "username": "austin.kelleher",
    },
    Object {
      "_class": Array [
        "User",
      ],
      "_key": "jamf_user_3",
      "_rawData": Array [
        Object {
          "name": "default",
          "rawData": Object {
            "uploadStatus": "SKIPPED",
            "uploadStatusReason": "Raw data currently disabled for this entity type",
          },
        },
      ],
      "_type": "jamf_user",
      "accessLevel": "Full Access",
      "active": true,
      "admin": true,
      "createdOn": undefined,
      "directoryUser": false,
      "displayName": "erkang.zheng",
      "email": "erkang.zheng@lifeomic.com",
      "emailAddress": "erkang.zheng@lifeomic.com",
      "enabled": "Enabled",
      "forcePasswordChange": false,
      "fullName": "Erkang Zheng",
      "id": "3",
      "name": "erkang.zheng",
      "permissions": Array [
        "Administrator",
      ],
      "privilegeSet": "Administrator",
      "username": "erkang.zheng",
    },
    Object {
      "_class": Array [
        "User",
      ],
      "_key": "jamf_user_7",
      "_rawData": Array [
        Object {
          "name": "default",
          "rawData": Object {
            "uploadStatus": "SKIPPED",
            "uploadStatusReason": "Raw data currently disabled for this entity type",
          },
        },
      ],
      "_type": "jamf_user",
      "accessLevel": "Full Access",
      "active": true,
      "admin": true,
      "createdOn": undefined,
      "directoryUser": false,
      "displayName": "isaacwilliams",
      "email": "isaac.williams@lifeomic.com",
      "emailAddress": "isaac.williams@lifeomic.com",
      "enabled": "Enabled",
      "forcePasswordChange": false,
      "fullName": "Isaac Williams",
      "id": "7",
      "name": "isaacwilliams",
      "permissions": Array [
        "Administrator",
      ],
      "privilegeSet": "Administrator",
      "username": "isaacwilliams",
    },
    Object {
      "_class": Array [
        "User",
      ],
      "_key": "jamf_user_8",
      "_rawData": Array [
        Object {
          "name": "default",
          "rawData": Object {
            "uploadStatus": "SKIPPED",
            "uploadStatusReason": "Raw data currently disabled for this entity type",
          },
        },
      ],
      "_type": "jamf_user",
      "accessLevel": "Full Access",
      "active": true,
      "admin": true,
      "createdOn": undefined,
      "directoryUser": false,
      "displayName": "jupiterone.dev",
      "email": undefined,
      "emailAddress": "",
      "enabled": "Enabled",
      "forcePasswordChange": false,
      "fullName": "JupiterOne API Development",
      "id": "8",
      "name": "jupiterone.dev",
      "permissions": undefined,
      "privilegeSet": "Custom",
      "username": "jupiterone.dev",
    },
    Object {
      "_class": Array [
        "UserGroup",
      ],
      "_key": "jamf_group_1",
      "_rawData": Array [
        Object {
          "name": "default",
          "rawData": Object {
            "uploadStatus": "SKIPPED",
            "uploadStatusReason": "Raw data currently disabled for this entity type",
          },
        },
      ],
      "_type": "jamf_group",
      "accessLevel": "Site Access",
      "createdOn": undefined,
      "displayName": "Test Group",
      "id": "1",
      "name": "Test Group",
      "privilegeSet": "Custom",
    },
    Object {
      "_class": Array [
        "UserGroup",
      ],
      "_key": "jamf_group_2",
      "_rawData": Array [
        Object {
          "name": "default",
          "rawData": Object {
            "uploadStatus": "SKIPPED",
            "uploadStatusReason": "Raw data currently disabled for this entity type",
          },
        },
      ],
      "_type": "jamf_group",
      "accessLevel": "Site Access",
      "createdOn": undefined,
      "displayName": "Another Test Group",
      "id": "2",
      "name": "Another Test Group",
      "privilegeSet": "Custom",
    },
    Object {
      "_class": Array [
        "UserGroup",
      ],
      "_key": "jamf_group_3",
      "_rawData": Array [
        Object {
          "name": "default",
          "rawData": Object {
            "uploadStatus": "SKIPPED",
            "uploadStatusReason": "Raw data currently disabled for this entity type",
          },
        },
      ],
      "_type": "jamf_group",
      "accessLevel": "Site Access",
      "createdOn": undefined,
      "displayName": "Not all groups have members inside in api",
      "id": "3",
      "name": "Not all groups have members inside in api",
      "privilegeSet": "Custom",
    },
  ],
  "collectedRelationships": Array [
    Object {
      "_class": "HAS",
      "_fromEntityKey": "jamf_account_local-integration-instance",
      "_key": "jamf_account_local-integration-instance|has|jamf_user_1",
      "_toEntityKey": "jamf_user_1",
      "_type": "jamf_account_has_user",
      "displayName": "HAS",
    },
    Object {
      "_class": "HAS",
      "_fromEntityKey": "jamf_account_local-integration-instance",
      "_key": "jamf_account_local-integration-instance|has|jamf_user_9",
      "_toEntityKey": "jamf_user_9",
      "_type": "jamf_account_has_user",
      "displayName": "HAS",
    },
    Object {
      "_class": "HAS",
      "_fromEntityKey": "jamf_account_local-integration-instance",
      "_key": "jamf_account_local-integration-instance|has|jamf_user_3",
      "_toEntityKey": "jamf_user_3",
      "_type": "jamf_account_has_user",
      "displayName": "HAS",
    },
    Object {
      "_class": "HAS",
      "_fromEntityKey": "jamf_account_local-integration-instance",
      "_key": "jamf_account_local-integration-instance|has|jamf_user_7",
      "_toEntityKey": "jamf_user_7",
      "_type": "jamf_account_has_user",
      "displayName": "HAS",
    },
    Object {
      "_class": "HAS",
      "_fromEntityKey": "jamf_account_local-integration-instance",
      "_key": "jamf_account_local-integration-instance|has|jamf_user_8",
      "_toEntityKey": "jamf_user_8",
      "_type": "jamf_account_has_user",
      "displayName": "HAS",
    },
    Object {
      "_class": "HAS",
      "_fromEntityKey": "jamf_account_local-integration-instance",
      "_key": "jamf_account_local-integration-instance|has|jamf_group_1",
      "_toEntityKey": "jamf_group_1",
      "_type": "jamf_account_has_group",
      "displayName": "HAS",
    },
    Object {
      "_class": "HAS",
      "_fromEntityKey": "jamf_account_local-integration-instance",
      "_key": "jamf_account_local-integration-instance|has|jamf_group_2",
      "_toEntityKey": "jamf_group_2",
      "_type": "jamf_account_has_group",
      "displayName": "HAS",
    },
    Object {
      "_class": "HAS",
      "_fromEntityKey": "jamf_account_local-integration-instance",
      "_key": "jamf_account_local-integration-instance|has|jamf_group_3",
      "_toEntityKey": "jamf_group_3",
      "_type": "jamf_account_has_group",
      "displayName": "HAS",
    },
  ],
  "encounteredTypes": Array [
    "jamf_account",
    "jamf_user",
    "jamf_account_has_user",
    "jamf_group",
    "jamf_account_has_group",
  ],
  "numCollectedEntities": 9,
  "numCollectedRelationships": 8,
}
`;
