// Jest Snapshot v1, https://goo.gl/fbAQLP

exports[`#fetchAdminUsers should collect data: jobState 1`] = `
Object {
  "collectedEntities": Array [
    Object {
      "_class": Array [
        "Account",
      ],
      "_key": "jamf_account_local-integration-instance",
      "_rawData": Array [
        Object {
          "name": "default",
          "rawData": Object {
            "id": "local-integration-instance",
            "name": "Local Integration",
          },
        },
      ],
      "_type": "jamf_account",
      "createdOn": undefined,
      "displayName": "Local Integration",
      "id": "local-integration-instance",
      "name": "Local Integration",
    },
    Object {
      "_class": Array [
        "User",
      ],
      "_key": "jamf_user_1",
      "_rawData": Array [
        Object {
          "name": "default",
          "rawData": Object {
            "uploadStatus": "SKIPPED",
            "uploadStatusReason": "Raw data currently disabled for this entity type",
          },
        },
      ],
      "_type": "jamf_user",
      "accessLevel": "Full Access",
      "admin": true,
      "createdOn": undefined,
      "directoryUser": false,
      "displayName": "adam.williams",
      "email": "adam.williams@jupiterone.com",
      "emailAddress": "adam.williams@jupiterone.com",
      "enabled": "Enabled",
      "forcePasswordChange": false,
      "fullName": "",
      "id": "1",
      "name": "adam.williams",
      "permissions": Array [
        "Administrator",
      ],
      "privilegeSet": "Administrator",
      "username": "adam.williams",
    },
    Object {
      "_class": Array [
        "User",
      ],
      "_key": "jamf_user_9",
      "_rawData": Array [
        Object {
          "name": "default",
          "rawData": Object {
            "uploadStatus": "SKIPPED",
            "uploadStatusReason": "Raw data currently disabled for this entity type",
          },
        },
      ],
      "_type": "jamf_user",
      "accessLevel": "Full Access",
      "admin": true,
      "createdOn": undefined,
      "directoryUser": false,
      "displayName": "austin.kelleher",
      "email": "austin.kelleher@jupiterone.com",
      "emailAddress": "austin.kelleher@jupiterone.com",
      "enabled": "Enabled",
      "forcePasswordChange": false,
      "fullName": "Austin Kelleher",
      "id": "9",
      "name": "austin.kelleher",
      "permissions": Array [
        "Administrator",
      ],
      "privilegeSet": "Administrator",
      "username": "austin.kelleher",
    },
    Object {
      "_class": Array [
        "User",
      ],
      "_key": "jamf_user_3",
      "_rawData": Array [
        Object {
          "name": "default",
          "rawData": Object {
            "uploadStatus": "SKIPPED",
            "uploadStatusReason": "Raw data currently disabled for this entity type",
          },
        },
      ],
      "_type": "jamf_user",
      "accessLevel": "Full Access",
      "admin": true,
      "createdOn": undefined,
      "directoryUser": false,
      "displayName": "erkang.zheng",
      "email": "erkang.zheng@lifeomic.com",
      "emailAddress": "erkang.zheng@lifeomic.com",
      "enabled": "Enabled",
      "forcePasswordChange": false,
      "fullName": "Erkang Zheng",
      "id": "3",
      "name": "erkang.zheng",
      "permissions": Array [
        "Administrator",
      ],
      "privilegeSet": "Administrator",
      "username": "erkang.zheng",
    },
    Object {
      "_class": Array [
        "User",
      ],
      "_key": "jamf_user_7",
      "_rawData": Array [
        Object {
          "name": "default",
          "rawData": Object {
            "uploadStatus": "SKIPPED",
            "uploadStatusReason": "Raw data currently disabled for this entity type",
          },
        },
      ],
      "_type": "jamf_user",
      "accessLevel": "Full Access",
      "admin": true,
      "createdOn": undefined,
      "directoryUser": false,
      "displayName": "isaacwilliams",
      "email": "isaac.williams@lifeomic.com",
      "emailAddress": "isaac.williams@lifeomic.com",
      "enabled": "Enabled",
      "forcePasswordChange": false,
      "fullName": "Isaac Williams",
      "id": "7",
      "name": "isaacwilliams",
      "permissions": Array [
        "Administrator",
      ],
      "privilegeSet": "Administrator",
      "username": "isaacwilliams",
    },
    Object {
      "_class": Array [
        "User",
      ],
      "_key": "jamf_user_8",
      "_rawData": Array [
        Object {
          "name": "default",
          "rawData": Object {
            "uploadStatus": "SKIPPED",
            "uploadStatusReason": "Raw data currently disabled for this entity type",
          },
        },
      ],
      "_type": "jamf_user",
      "accessLevel": "Full Access",
      "admin": true,
      "createdOn": undefined,
      "directoryUser": false,
      "displayName": "jupiterone.dev",
      "email": undefined,
      "emailAddress": "",
      "enabled": "Enabled",
      "forcePasswordChange": false,
      "fullName": "JupiterOne API Development",
      "id": "8",
      "name": "jupiterone.dev",
      "permissions": undefined,
      "privilegeSet": "Custom",
      "username": "jupiterone.dev",
    },
  ],
  "collectedRelationships": Array [
    Object {
      "_class": "HAS",
      "_fromEntityKey": "jamf_account_local-integration-instance",
      "_key": "jamf_account_local-integration-instance|has|jamf_user_1",
      "_toEntityKey": "jamf_user_1",
      "_type": "jamf_account_has_user",
      "displayName": "HAS",
    },
    Object {
      "_class": "HAS",
      "_fromEntityKey": "jamf_account_local-integration-instance",
      "_key": "jamf_account_local-integration-instance|has|jamf_user_9",
      "_toEntityKey": "jamf_user_9",
      "_type": "jamf_account_has_user",
      "displayName": "HAS",
    },
    Object {
      "_class": "HAS",
      "_fromEntityKey": "jamf_account_local-integration-instance",
      "_key": "jamf_account_local-integration-instance|has|jamf_user_3",
      "_toEntityKey": "jamf_user_3",
      "_type": "jamf_account_has_user",
      "displayName": "HAS",
    },
    Object {
      "_class": "HAS",
      "_fromEntityKey": "jamf_account_local-integration-instance",
      "_key": "jamf_account_local-integration-instance|has|jamf_user_7",
      "_toEntityKey": "jamf_user_7",
      "_type": "jamf_account_has_user",
      "displayName": "HAS",
    },
    Object {
      "_class": "HAS",
      "_fromEntityKey": "jamf_account_local-integration-instance",
      "_key": "jamf_account_local-integration-instance|has|jamf_user_8",
      "_toEntityKey": "jamf_user_8",
      "_type": "jamf_account_has_user",
      "displayName": "HAS",
    },
  ],
  "encounteredTypes": Array [
    "jamf_account",
    "jamf_user",
    "jamf_account_has_user",
  ],
  "numCollectedEntities": 6,
  "numCollectedRelationships": 5,
}
`;

exports[`#fetchDeviceUsers should collect data: jobState 1`] = `
Object {
  "collectedEntities": Array [
    Object {
      "_class": Array [
        "Account",
      ],
      "_key": "jamf_account_local-integration-instance",
      "_rawData": Array [
        Object {
          "name": "default",
          "rawData": Object {
            "id": "local-integration-instance",
            "name": "Local Integration",
          },
        },
      ],
      "_type": "jamf_account",
      "createdOn": undefined,
      "displayName": "Local Integration",
      "id": "local-integration-instance",
      "name": "Local Integration",
    },
    Object {
      "_class": Array [
        "User",
      ],
      "_key": "device_user_5",
      "_rawData": Array [
        Object {
          "name": "default",
          "rawData": Object {
            "uploadStatus": "SKIPPED",
            "uploadStatusReason": "Raw data currently disabled for this entity type",
          },
        },
      ],
      "_type": "device_user",
      "createdOn": undefined,
      "customPhotoUrl": undefined,
      "displayName": "Heriberto Truby",
      "email": "heriberto.truby@gmail.com",
      "emailAddress": "heriberto.truby@gmail.com",
      "enableCustomPhotoUrl": undefined,
      "fullName": "",
      "id": "5",
      "ldapServer": "None",
      "name": "Heriberto Truby",
      "os": Array [],
      "phoneNumber": "",
      "position": "",
      "totalVppCodeCount": 0,
      "username": "Heriberto Truby",
    },
    Object {
      "_class": Array [
        "User",
      ],
      "_key": "device_user_2",
      "_rawData": Array [
        Object {
          "name": "default",
          "rawData": Object {
            "uploadStatus": "SKIPPED",
            "uploadStatusReason": "Raw data currently disabled for this entity type",
          },
        },
      ],
      "_type": "device_user",
      "createdOn": undefined,
      "customPhotoUrl": undefined,
      "displayName": "Lael Buresh",
      "email": "lael.buresh@gmail.com",
      "emailAddress": "lael.buresh@gmail.com",
      "enableCustomPhotoUrl": undefined,
      "fullName": "",
      "id": "2",
      "ldapServer": "None",
      "name": "Lael Buresh",
      "os": Array [],
      "phoneNumber": "",
      "position": "",
      "totalVppCodeCount": 0,
      "username": "Lael Buresh",
    },
    Object {
      "_class": Array [
        "User",
      ],
      "_key": "device_user_4",
      "_rawData": Array [
        Object {
          "name": "default",
          "rawData": Object {
            "uploadStatus": "SKIPPED",
            "uploadStatusReason": "Raw data currently disabled for this entity type",
          },
        },
      ],
      "_type": "device_user",
      "createdOn": undefined,
      "customPhotoUrl": undefined,
      "displayName": "Maira Fillman",
      "email": "maira.fillman@gmail.com",
      "emailAddress": "maira.fillman@gmail.com",
      "enableCustomPhotoUrl": undefined,
      "fullName": "",
      "id": "4",
      "ldapServer": "None",
      "name": "Maira Fillman",
      "os": Array [],
      "phoneNumber": "",
      "position": "",
      "totalVppCodeCount": 0,
      "username": "Maira Fillman",
    },
    Object {
      "_class": Array [
        "User",
      ],
      "_key": "device_user_3",
      "_rawData": Array [
        Object {
          "name": "default",
          "rawData": Object {
            "uploadStatus": "SKIPPED",
            "uploadStatusReason": "Raw data currently disabled for this entity type",
          },
        },
      ],
      "_type": "device_user",
      "createdOn": undefined,
      "customPhotoUrl": undefined,
      "displayName": "Rory Overbey",
      "email": "rory.overbey@gmail.com",
      "emailAddress": "rory.overbey@gmail.com",
      "enableCustomPhotoUrl": undefined,
      "fullName": "",
      "id": "3",
      "ldapServer": "None",
      "name": "Rory Overbey",
      "os": Array [],
      "phoneNumber": "",
      "position": "",
      "totalVppCodeCount": 0,
      "username": "Rory Overbey",
    },
    Object {
      "_class": Array [
        "User",
      ],
      "_key": "device_user_1",
      "_rawData": Array [
        Object {
          "name": "default",
          "rawData": Object {
            "uploadStatus": "SKIPPED",
            "uploadStatusReason": "Raw data currently disabled for this entity type",
          },
        },
      ],
      "_type": "device_user",
      "createdOn": undefined,
      "customPhotoUrl": undefined,
      "displayName": "Test",
      "email": "test@gmail.com",
      "emailAddress": "test@gmail.com",
      "enableCustomPhotoUrl": undefined,
      "fullName": "Test User",
      "id": "1",
      "ldapServer": "None",
      "name": "Test",
      "os": Array [],
      "phoneNumber": "",
      "position": "",
      "totalVppCodeCount": 0,
      "username": "Test",
    },
    Object {
      "_class": Array [
        "User",
      ],
      "_key": "device_user_6",
      "_rawData": Array [
        Object {
          "name": "default",
          "rawData": Object {
            "uploadStatus": "SKIPPED",
            "uploadStatusReason": "Raw data currently disabled for this entity type",
          },
        },
      ],
      "_type": "device_user",
      "createdOn": undefined,
      "customPhotoUrl": undefined,
      "displayName": "erkang.zheng",
      "email": "erkang.zheng@lifeomic.com",
      "emailAddress": "erkang.zheng@lifeomic.com",
      "enableCustomPhotoUrl": undefined,
      "fullName": "Erkang Zheng",
      "id": "6",
      "ldapServer": "None",
      "name": "erkang.zheng",
      "os": Array [
        "macOS",
      ],
      "phoneNumber": "9195228915",
      "position": "CISO",
      "totalVppCodeCount": 0,
      "username": "erkang.zheng",
    },
  ],
  "collectedRelationships": Array [
    Object {
      "_class": "HAS",
      "_fromEntityKey": "jamf_account_local-integration-instance",
      "_key": "jamf_account_local-integration-instance|has|device_user_5",
      "_toEntityKey": "device_user_5",
      "_type": "jamf_account_has_device_user",
      "displayName": "HAS",
    },
    Object {
      "_class": "HAS",
      "_fromEntityKey": "jamf_account_local-integration-instance",
      "_key": "jamf_account_local-integration-instance|has|device_user_2",
      "_toEntityKey": "device_user_2",
      "_type": "jamf_account_has_device_user",
      "displayName": "HAS",
    },
    Object {
      "_class": "HAS",
      "_fromEntityKey": "jamf_account_local-integration-instance",
      "_key": "jamf_account_local-integration-instance|has|device_user_4",
      "_toEntityKey": "device_user_4",
      "_type": "jamf_account_has_device_user",
      "displayName": "HAS",
    },
    Object {
      "_class": "HAS",
      "_fromEntityKey": "jamf_account_local-integration-instance",
      "_key": "jamf_account_local-integration-instance|has|device_user_3",
      "_toEntityKey": "device_user_3",
      "_type": "jamf_account_has_device_user",
      "displayName": "HAS",
    },
    Object {
      "_class": "HAS",
      "_fromEntityKey": "jamf_account_local-integration-instance",
      "_key": "jamf_account_local-integration-instance|has|device_user_1",
      "_toEntityKey": "device_user_1",
      "_type": "jamf_account_has_device_user",
      "displayName": "HAS",
    },
    Object {
      "_class": "HAS",
      "_fromEntityKey": "jamf_account_local-integration-instance",
      "_key": "jamf_account_local-integration-instance|has|device_user_6",
      "_toEntityKey": "device_user_6",
      "_type": "jamf_account_has_device_user",
      "displayName": "HAS",
    },
  ],
  "encounteredTypes": Array [
    "jamf_account",
    "device_user",
    "jamf_account_has_device_user",
  ],
  "numCollectedEntities": 7,
  "numCollectedRelationships": 6,
}
`;
