// Jest Snapshot v1, https://goo.gl/fbAQLP

exports[`#createAccountEntity should convert data 1`] = `
Object {
  "_class": Array [
    "Account",
  ],
  "_key": "jamf_account_test-id",
  "_rawData": Array [
    Object {
      "name": "default",
      "rawData": Object {
        "id": "test-id",
        "name": "test-name",
      },
    },
  ],
  "_type": "jamf_account",
  "createdOn": undefined,
  "displayName": "test-name",
  "id": "test-id",
  "name": "test-name",
}
`;
